current directory: /home/mahadev-bhat/Desktop/work2/insurebook_admin/vendor/bundle/ruby/3.2.0/gems/psych-5.3.1/ext/psych
/home/mahadev-bhat/.rbenv/versions/3.2.0/bin/ruby extconf.rb
checking for yaml.h... yes
checking for yaml_get_version() in -lyaml... yes
creating Makefile

current directory: /home/mahadev-bhat/Desktop/work2/insurebook_admin/vendor/bundle/ruby/3.2.0/gems/psych-5.3.1/ext/psych
make DESTDIR\= sitearchdir\=./.gem.20260812-7259-ngynmh sitelibdir\=./.gem.20260812-7259-ngynmh clean
cd libyaml && make clean
/bin/sh: 1: cd: can't cd to libyaml
make: [Makefile:283: clean-so] Error 2 (ignored)

current directory: /home/mahadev-bhat/Desktop/work2/insurebook_admin/vendor/bundle/ruby/3.2.0/gems/psych-5.3.1/ext/psych
make DESTDIR\= sitearchdir\=./.gem.20260812-7259-ngynmh sitelibdir\=./.gem.20260812-7259-ngynmh
compiling psych.c
compiling psych_emitter.c
compiling psych_parser.c
compiling psych_to_ruby.c
compiling psych_yaml_tree.c
linking shared-object psych.so

current directory: /home/mahadev-bhat/Desktop/work2/insurebook_admin/vendor/bundle/ruby/3.2.0/gems/psych-5.3.1/ext/psych
make DESTDIR\= sitearchdir\=./.gem.20260812-7259-ngynmh sitelibdir\=./.gem.20260812-7259-ngynmh install
/usr/bin/install -c -m 0755 psych.so ./.gem.20260812-7259-ngynmh

current directory: /home/mahadev-bhat/Desktop/work2/insurebook_admin/vendor/bundle/ruby/3.2.0/gems/psych-5.3.1/ext/psych
make DESTDIR\= sitearchdir\=./.gem.20260812-7259-ngynmh sitelibdir\=./.gem.20260812-7259-ngynmh clean
cd libyaml && make clean
/bin/sh: 1: cd: can't cd to libyaml
make: [Makefile:283: clean-so] Error 2 (ignored)
