current directory: /home/mahadev-bhat/Desktop/work2/insurebook_admin/vendor/bundle/ruby/3.2.0/gems/bigdecimal-4.0.1/ext/bigdecimal
/home/mahadev-bhat/.rbenv/versions/3.2.0/bin/ruby extconf.rb
checking for __builtin_clz()... yes
checking for __builtin_clzl()... yes
checking for __builtin_clzll()... yes
checking for float.h... yes
checking for math.h... yes
checking for stdbool.h... yes
checking for stdlib.h... yes
checking for x86intrin.h... yes
checking for _lzcnt_u32() in x86intrin.h... no
checking for _lzcnt_u64() in x86intrin.h... no
checking for intrin.h... no
checking for ruby/atomic.h... yes
checking for ruby/internal/has/builtin.h... yes
checking for ruby/internal/static_assert.h... yes
checking for rb_complex_real() in ruby.h... yes
checking for rb_complex_imag() in ruby.h... yes
checking for rb_opts_exception_p() in ruby.h... yes
checking for rb_category_warn() in ruby.h... yes
checking for RB_WARN_CATEGORY_DEPRECATED in ruby.h... yes
creating Makefile

current directory: /home/mahadev-bhat/Desktop/work2/insurebook_admin/vendor/bundle/ruby/3.2.0/gems/bigdecimal-4.0.1/ext/bigdecimal
make DESTDIR\= sitearchdir\=./.gem.20260812-7259-aoz28j sitelibdir\=./.gem.20260812-7259-aoz28j clean

current directory: /home/mahadev-bhat/Desktop/work2/insurebook_admin/vendor/bundle/ruby/3.2.0/gems/bigdecimal-4.0.1/ext/bigdecimal
make DESTDIR\= sitearchdir\=./.gem.20260812-7259-aoz28j sitelibdir\=./.gem.20260812-7259-aoz28j
compiling bigdecimal.c
compiling missing.c
linking shared-object bigdecimal.so

current directory: /home/mahadev-bhat/Desktop/work2/insurebook_admin/vendor/bundle/ruby/3.2.0/gems/bigdecimal-4.0.1/ext/bigdecimal
make DESTDIR\= sitearchdir\=./.gem.20260812-7259-aoz28j sitelibdir\=./.gem.20260812-7259-aoz28j install
/usr/bin/install -c -m 0755 bigdecimal.so ./.gem.20260812-7259-aoz28j

current directory: /home/mahadev-bhat/Desktop/work2/insurebook_admin/vendor/bundle/ruby/3.2.0/gems/bigdecimal-4.0.1/ext/bigdecimal
make DESTDIR\= sitearchdir\=./.gem.20260812-7259-aoz28j sitelibdir\=./.gem.20260812-7259-aoz28j clean
